~/test-1-rajashekarm-3$ gcc -gp3original.c
gcc: error: unrecognized debug output level ‘p3original.c’
gcc: fatal error: no input files
compilation terminated.
~/test-1-rajashekarm-3$ gdb a.out
GNU gdb (Ubuntu 8.1.1-0ubuntu1) 8.1.1
Copyright (C) 2018 Free Software Foundation, Inc.
License GPLv3+: GNU GPL version 3 or later <http://gnu.org/licenses/gpl.html>
This is free software: you are free to change and redistribute it.
There is NO WARRANTY, to the extent permitted by law.  Type "show copying"
and "show warranty" for details.
This GDB was configured as "x86_64-linux-gnu".
Type "show configuration" for configuration details.
For bug reporting instructions, please see:
<http://www.gnu.org/software/gdb/bugs/>.
Find the GDB manual and other documentation resources online at:
<http://www.gnu.org/software/gdb/documentation/>.
For help, type "help".
Type "apropos word" to search for commands related to "word"...
Reading symbols from a.out...done.
(gdb) b main
Breakpoint 1 at 0x886: file p1original.c, line 35.
(gdb) r
Starting program: /home/runner/test-1-rajashekarm-3/a.out 
warning: Error disabling address space randomization: Operation not permitted

Breakpoint 1, main () at p1original.c:35
warning: Source file is more recent than executable.
35    x=input();
(gdb) n
Ente a number
5 6
36    y=input();
(gdb) s
input () at p1original.c:14
14  {
(gdb) c
Continuing.
Ente a number
Sum of 5 + 6 is 11
[Inferior 1 (process 382) exited normally]
(gdb) q
