~/test-1-rajashekarm-3$ \gcc - g p7original.c
gcc: error: g: No such file or directory
~/test-1-rajashekarm-3$ gdb a.out
GNU gdb (Ubuntu 8.1.1-0ubuntu1) 8.1.1
Copyright (C) 2018 Free Software Foundation, Inc.
License GPLv3+: GNU GPL version 3 or later <http://gnu.org/licenses/gpl.html>
This is free software: you are free to change and redistribute it.
There is NO WARRANTY, to the extent permitted by law.  Type "show copying"
and "show warranty" for details.
This GDB was configured as "x86_64-linux-gnu".
Type "show configuration" for configuration details.
For bug reporting instructions, please see:
<http://www.gnu.org/software/gdb/bugs/>.
Find the GDB manual and other documentation resources online at:
<http://www.gnu.org/software/gdb/documentation/>.
For help, type "help".
Type "apropos word" to search for commands related to "word"...
Reading symbols from a.out...done.
(gdb) b main
Breakpoint 1 at 0x90f: file p7original.c, line 41.
(gdb) r
Starting program: /home/runner/test-1-rajashekarm-3/a.out 
warning: Error disabling address space randomization: Operation not permitted
n
Breakpoint 1, main () at p7original.c:41
41  {
(gdb) n
43    n=input_n();
(gdb) s
input_n () at p7original.c:3
3   {
(gdb) c
Continuing.
Enter a number
2
Enter the elemnt no 0 of of the array
10
Enter the elemnt no 1 of of the array
11
the sum of:10=2111=21[Inferior 1 (process 55) exited normally]
(gdb) q
~/test-1-rajashekarm-3$ 
